../Utils/Src/process.c:21:6:processCommand	32	static
../Utils/Src/process.c:36:5:check_arg	24	static
../Utils/Src/process.c:58:6:handleLedOnCommand	24	static
../Utils/Src/process.c:66:6:handleLedOffCommand	24	static
../Utils/Src/process.c:73:6:handleLedBlinkCommand	32	static
../Utils/Src/process.c:95:6:startBlinking	24	static
../Utils/Src/process.c:107:6:handleAdcGetCommand	88	static
../Utils/Src/process.c:139:6:handleInfoCommand	120	static
../Utils/Src/process.c:148:6:handleInvalidCommand	16	static
../Utils/Src/process.c:154:6:prompt	8	static
